I'm sorry, but errors were detected in your script. Please correct the
errors listed below, and try again.


File "game/script.rpy", line 54: ATL statement contains two expressions in a row; is one of them a misspelled property? If not, separate them with pass.
    "task_board" at center:
                    ^

File "game/script.rpy", line 112: ATL statement contains two expressions in a row; is one of them a misspelled property? If not, separate them with pass.
    "computer_screen" at truecenter zoom 1.5
                         ^

Ren'Py Version: Ren'Py 8.4.0.25071206
Tue Jul 15 16:22:47 2025
